Archive member included because of file (symbol)

c:/winavr-20100110/bin/../lib/gcc/avr/4.3.3/avr5\libgcc.a(_udivmodqi4.o)
                              ./app.o (__udivmodqi4)
c:/winavr-20100110/bin/../lib/gcc/avr/4.3.3/avr5\libgcc.a(_exit.o)
                              c:/winavr-20100110/bin/../lib/gcc/avr/4.3.3/../../../../avr/lib/avr5/crtm16.o (exit)
c:/winavr-20100110/bin/../lib/gcc/avr/4.3.3/avr5\libgcc.a(_copy_data.o)
                              ./app.o (__do_copy_data)
c:/winavr-20100110/bin/../lib/gcc/avr/4.3.3/avr5\libgcc.a(_clear_bss.o)
                              ./app.o (__do_clear_bss)

Allocating common symbols
Common symbol       size              file

cycles              0x2               ./app.o

Memory Configuration

Name             Origin             Length             Attributes
text             0x00000000         0x00020000         xr
data             0x00800060         0x0000ffa0         rw !x
eeprom           0x00810000         0x00010000         rw !x
fuse             0x00820000         0x00000400         rw !x
lock             0x00830000         0x00000400         rw !x
signature        0x00840000         0x00000400         rw !x
*default*        0x00000000         0xffffffff

Linker script and memory map

LOAD c:/winavr-20100110/bin/../lib/gcc/avr/4.3.3/../../../../avr/lib/avr5/crtm16.o
LOAD ./app.o
LOAD ./external_interrupt.o
LOAD ./timer.o
LOAD c:/winavr-20100110/bin/../lib/gcc/avr/4.3.3/avr5\libgcc.a
LOAD c:/winavr-20100110/bin/../lib/gcc/avr/4.3.3/../../../../avr/lib/avr5\libc.a
LOAD c:/winavr-20100110/bin/../lib/gcc/avr/4.3.3/avr5\libgcc.a

.hash
 *(.hash)

.dynsym
 *(.dynsym)

.dynstr
 *(.dynstr)

.gnu.version
 *(.gnu.version)

.gnu.version_d
 *(.gnu.version_d)

.gnu.version_r
 *(.gnu.version_r)

.rel.init
 *(.rel.init)

.rela.init
 *(.rela.init)

.rel.text
 *(.rel.text)
 *(.rel.text.*)
 *(.rel.gnu.linkonce.t*)

.rela.text
 *(.rela.text)
 *(.rela.text.*)
 *(.rela.gnu.linkonce.t*)

.rel.fini
 *(.rel.fini)

.rela.fini
 *(.rela.fini)

.rel.rodata
 *(.rel.rodata)
 *(.rel.rodata.*)
 *(.rel.gnu.linkonce.r*)

.rela.rodata
 *(.rela.rodata)
 *(.rela.rodata.*)
 *(.rela.gnu.linkonce.r*)

.rel.data
 *(.rel.data)
 *(.rel.data.*)
 *(.rel.gnu.linkonce.d*)

.rela.data
 *(.rela.data)
 *(.rela.data.*)
 *(.rela.gnu.linkonce.d*)

.rel.ctors
 *(.rel.ctors)

.rela.ctors
 *(.rela.ctors)

.rel.dtors
 *(.rel.dtors)

.rela.dtors
 *(.rela.dtors)

.rel.got
 *(.rel.got)

.rela.got
 *(.rela.got)

.rel.bss
 *(.rel.bss)

.rela.bss
 *(.rela.bss)

.rel.plt
 *(.rel.plt)

.rela.plt
 *(.rela.plt)

.text           0x00000000      0xd40
 *(.vectors)
 .vectors       0x00000000       0x54 c:/winavr-20100110/bin/../lib/gcc/avr/4.3.3/../../../../avr/lib/avr5/crtm16.o
                0x00000000                __vectors
                0x00000000                __vector_default
 *(.vectors)
 *(.progmem.gcc*)
 *(.progmem*)
                0x00000054                . = ALIGN (0x2)
                0x00000054                __trampolines_start = .
 *(.trampolines)
 .trampolines   0x00000054        0x0 linker stubs
 *(.trampolines*)
                0x00000054                __trampolines_end = .
 *(.jumptables)
 *(.jumptables*)
 *(.lowtext)
 *(.lowtext*)
                0x00000054                __ctors_start = .
 *(.ctors)
                0x00000054                __ctors_end = .
                0x00000054                __dtors_start = .
 *(.dtors)
                0x00000054                __dtors_end = .
 SORT(*)(.ctors)
 SORT(*)(.dtors)
 *(.init0)
 .init0         0x00000054        0x0 c:/winavr-20100110/bin/../lib/gcc/avr/4.3.3/../../../../avr/lib/avr5/crtm16.o
                0x00000054                __init
 *(.init0)
 *(.init1)
 *(.init1)
 *(.init2)
 .init2         0x00000054        0xc c:/winavr-20100110/bin/../lib/gcc/avr/4.3.3/../../../../avr/lib/avr5/crtm16.o
 *(.init2)
 *(.init3)
 *(.init3)
 *(.init4)
 .init4         0x00000060       0x16 c:/winavr-20100110/bin/../lib/gcc/avr/4.3.3/avr5\libgcc.a(_copy_data.o)
                0x00000060                __do_copy_data
 .init4         0x00000076       0x10 c:/winavr-20100110/bin/../lib/gcc/avr/4.3.3/avr5\libgcc.a(_clear_bss.o)
                0x00000076                __do_clear_bss
 *(.init4)
 *(.init5)
 *(.init5)
 *(.init6)
 *(.init6)
 *(.init7)
 *(.init7)
 *(.init8)
 *(.init8)
 *(.init9)
 .init9         0x00000086        0x8 c:/winavr-20100110/bin/../lib/gcc/avr/4.3.3/../../../../avr/lib/avr5/crtm16.o
 *(.init9)
 *(.text)
 .text          0x0000008e        0x4 c:/winavr-20100110/bin/../lib/gcc/avr/4.3.3/../../../../avr/lib/avr5/crtm16.o
                0x0000008e                __vector_12
                0x0000008e                __bad_interrupt
                0x0000008e                __vector_3
                0x0000008e                __vector_11
                0x0000008e                __vector_13
                0x0000008e                __vector_17
                0x0000008e                __vector_7
                0x0000008e                __vector_5
                0x0000008e                __vector_4
                0x0000008e                __vector_9
                0x0000008e                __vector_15
                0x0000008e                __vector_8
                0x0000008e                __vector_14
                0x0000008e                __vector_10
                0x0000008e                __vector_16
                0x0000008e                __vector_20
 .text          0x00000092        0x0 ./app.o
 .text          0x00000092        0x0 ./external_interrupt.o
 .text          0x00000092        0x0 ./timer.o
 .text          0x00000092        0x0 c:/winavr-20100110/bin/../lib/gcc/avr/4.3.3/avr5\libgcc.a(_udivmodqi4.o)
 .text          0x00000092        0x0 c:/winavr-20100110/bin/../lib/gcc/avr/4.3.3/avr5\libgcc.a(_exit.o)
 .text          0x00000092        0x0 c:/winavr-20100110/bin/../lib/gcc/avr/4.3.3/avr5\libgcc.a(_copy_data.o)
 .text          0x00000092        0x0 c:/winavr-20100110/bin/../lib/gcc/avr/4.3.3/avr5\libgcc.a(_clear_bss.o)
                0x00000092                . = ALIGN (0x2)
 *(.text.*)
 .text.main     0x00000092       0x92 ./app.o
                0x00000092                main
 .text.DW_systemPeripheralInit
                0x00000124       0xb8 ./app.o
                0x00000124                DW_systemPeripheralInit
 .text.DW_7SEG_screenDisplayFunction
                0x000001dc      0x1e2 ./app.o
                0x000001dc                DW_7SEG_screenDisplayFunction
 .text.DW_TIMER0_ISR_callBackFunction_StopWatch
                0x000003be       0x44 ./app.o
                0x000003be                DW_TIMER0_ISR_callBackFunction_StopWatch
 .text.DW_TIMER1_ISR_callBackFunction_DigitalClock
                0x00000402       0x44 ./app.o
                0x00000402                DW_TIMER1_ISR_callBackFunction_DigitalClock
 .text.DW_INT0_ISR_callBackFunction_Reset_Adjust_Buttons
                0x00000446       0x5a ./app.o
                0x00000446                DW_INT0_ISR_callBackFunction_Reset_Adjust_Buttons
 .text.DW_INT1_ISR_callBackFunction_Start_Inc_Buttons
                0x000004a0       0x7a ./app.o
                0x000004a0                DW_INT1_ISR_callBackFunction_Start_Inc_Buttons
 .text.DW_INT2_ISR_callBackFunction_Stop_Dec_Buttons
                0x0000051a       0x78 ./app.o
                0x0000051a                DW_INT2_ISR_callBackFunction_Stop_Dec_Buttons
 .text.__vector_1
                0x00000592       0x5a ./external_interrupt.o
                0x00000592                __vector_1
 .text.__INT0_setISRCallBackFuncPointer
                0x000005ec       0x24 ./external_interrupt.o
                0x000005ec                __INT0_setISRCallBackFuncPointer
 .text.__INT0_init
                0x00000610      0x100 ./external_interrupt.o
                0x00000610                __INT0_init
 .text.__vector_2
                0x00000710       0x5a ./external_interrupt.o
                0x00000710                __vector_2
 .text.__INT1_setISRCallBackFuncPointer
                0x0000076a       0x24 ./external_interrupt.o
                0x0000076a                __INT1_setISRCallBackFuncPointer
 .text.__INT1_init
                0x0000078e      0x100 ./external_interrupt.o
                0x0000078e                __INT1_init
 .text.__vector_18
                0x0000088e       0x5a ./external_interrupt.o
                0x0000088e                __vector_18
 .text.__INT2_setISRCallBackFuncPointer
                0x000008e8       0x24 ./external_interrupt.o
                0x000008e8                __INT2_setISRCallBackFuncPointer
 .text.__INT2_init
                0x0000090c       0xa8 ./external_interrupt.o
                0x0000090c                __INT2_init
 .text.__vector_19
                0x000009b4       0x5a ./timer.o
                0x000009b4                __vector_19
 .text.__vector_6
                0x00000a0e       0x5a ./timer.o
                0x00000a0e                __vector_6
 .text.__TIMER_CTC_setISRCallBackFuncPointer
                0x00000a68       0x5c ./timer.o
                0x00000a68                __TIMER_CTC_setISRCallBackFuncPointer
 .text.__TIMER_CTC_startTimer
                0x00000ac4      0x1c0 ./timer.o
                0x00000ac4                __TIMER_CTC_startTimer
 .text.__TIMER_CTC_stopTimer
                0x00000c84       0xa0 ./timer.o
                0x00000c84                __TIMER_CTC_stopTimer
 .text.libgcc   0x00000d24       0x18 c:/winavr-20100110/bin/../lib/gcc/avr/4.3.3/avr5\libgcc.a(_udivmodqi4.o)
                0x00000d24                __udivmodqi4
 .text.libgcc   0x00000d3c        0x0 c:/winavr-20100110/bin/../lib/gcc/avr/4.3.3/avr5\libgcc.a(_exit.o)
 .text.libgcc   0x00000d3c        0x0 c:/winavr-20100110/bin/../lib/gcc/avr/4.3.3/avr5\libgcc.a(_copy_data.o)
 .text.libgcc   0x00000d3c        0x0 c:/winavr-20100110/bin/../lib/gcc/avr/4.3.3/avr5\libgcc.a(_clear_bss.o)
                0x00000d3c                . = ALIGN (0x2)
 *(.fini9)
 .fini9         0x00000d3c        0x0 c:/winavr-20100110/bin/../lib/gcc/avr/4.3.3/avr5\libgcc.a(_exit.o)
                0x00000d3c                exit
                0x00000d3c                _exit
 *(.fini9)
 *(.fini8)
 *(.fini8)
 *(.fini7)
 *(.fini7)
 *(.fini6)
 *(.fini6)
 *(.fini5)
 *(.fini5)
 *(.fini4)
 *(.fini4)
 *(.fini3)
 *(.fini3)
 *(.fini2)
 *(.fini2)
 *(.fini1)
 *(.fini1)
 *(.fini0)
 .fini0         0x00000d3c        0x4 c:/winavr-20100110/bin/../lib/gcc/avr/4.3.3/avr5\libgcc.a(_exit.o)
 *(.fini0)
                0x00000d40                _etext = .

.data           0x00800060        0xc load address 0x00000d40
                0x00800060                PROVIDE (__data_start, .)
 *(.data)
 .data          0x00800060        0x0 c:/winavr-20100110/bin/../lib/gcc/avr/4.3.3/../../../../avr/lib/avr5/crtm16.o
 .data          0x00800060        0x0 ./app.o
 .data          0x00800060        0x0 ./external_interrupt.o
 .data          0x00800060        0x0 ./timer.o
 .data          0x00800060        0x0 c:/winavr-20100110/bin/../lib/gcc/avr/4.3.3/avr5\libgcc.a(_udivmodqi4.o)
 .data          0x00800060        0x0 c:/winavr-20100110/bin/../lib/gcc/avr/4.3.3/avr5\libgcc.a(_exit.o)
 .data          0x00800060        0x0 c:/winavr-20100110/bin/../lib/gcc/avr/4.3.3/avr5\libgcc.a(_copy_data.o)
 .data          0x00800060        0x0 c:/winavr-20100110/bin/../lib/gcc/avr/4.3.3/avr5\libgcc.a(_clear_bss.o)
 *(.data*)
 .data.timer1_configs
                0x00800060        0x5 ./app.o
                0x00800060                timer1_configs
 .data.timer0_configs
                0x00800065        0x5 ./app.o
                0x00800065                timer0_configs
 .data.adjust_mode
                0x0080006a        0x1 ./app.o
                0x0080006a                adjust_mode
 *(.rodata)
 *(.rodata*)
 *(.gnu.linkonce.d*)
                0x0080006c                . = ALIGN (0x2)
 *fill*         0x0080006b        0x1 00
                0x0080006c                _edata = .
                0x0080006c                PROVIDE (__data_end, .)

.bss            0x0080006c       0x1a
                0x0080006c                PROVIDE (__bss_start, .)
 *(.bss)
 .bss           0x0080006c        0x0 c:/winavr-20100110/bin/../lib/gcc/avr/4.3.3/../../../../avr/lib/avr5/crtm16.o
 .bss           0x0080006c        0x0 ./app.o
 .bss           0x0080006c        0x0 ./external_interrupt.o
 .bss           0x0080006c        0x0 ./timer.o
 .bss           0x0080006c        0x0 c:/winavr-20100110/bin/../lib/gcc/avr/4.3.3/avr5\libgcc.a(_udivmodqi4.o)
 .bss           0x0080006c        0x0 c:/winavr-20100110/bin/../lib/gcc/avr/4.3.3/avr5\libgcc.a(_exit.o)
 .bss           0x0080006c        0x0 c:/winavr-20100110/bin/../lib/gcc/avr/4.3.3/avr5\libgcc.a(_copy_data.o)
 .bss           0x0080006c        0x0 c:/winavr-20100110/bin/../lib/gcc/avr/4.3.3/avr5\libgcc.a(_clear_bss.o)
 *(.bss*)
 .bss.mode_status
                0x0080006c        0x1 ./app.o
                0x0080006c                mode_status
 .bss.SW_seconds
                0x0080006d        0x1 ./app.o
                0x0080006d                SW_seconds
 .bss.SW_minutes
                0x0080006e        0x1 ./app.o
                0x0080006e                SW_minutes
 .bss.SW_hours  0x0080006f        0x1 ./app.o
                0x0080006f                SW_hours
 .bss.DC_seconds
                0x00800070        0x1 ./app.o
                0x00800070                DC_seconds
 .bss.DC_minutes
                0x00800071        0x1 ./app.o
                0x00800071                DC_minutes
 .bss.DC_hours  0x00800072        0x1 ./app.o
                0x00800072                DC_hours
 .bss.disp_selector.1363
                0x00800073        0x1 ./app.o
 .bss._7seg_display.1362
                0x00800074        0x6 ./app.o
 .bss.g_INT0_callBack_ptr
                0x0080007a        0x2 ./external_interrupt.o
 .bss.g_INT1_callBack_ptr
                0x0080007c        0x2 ./external_interrupt.o
 .bss.g_INT2_callBack_ptr
                0x0080007e        0x2 ./external_interrupt.o
 .bss.g_TIMER0_callBack_ptr
                0x00800080        0x2 ./timer.o
 .bss.g_TIMER1_callBack_ptr
                0x00800082        0x2 ./timer.o
 *(COMMON)
 COMMON         0x00800084        0x2 ./app.o
                0x00800084                cycles
                0x00800086                PROVIDE (__bss_end, .)
                0x00000d40                __data_load_start = LOADADDR (.data)
                0x00000d4c                __data_load_end = (__data_load_start + SIZEOF (.data))

.noinit         0x00800086        0x0
                0x00800086                PROVIDE (__noinit_start, .)
 *(.noinit*)
                0x00800086                PROVIDE (__noinit_end, .)
                0x00800086                _end = .
                0x00800086                PROVIDE (__heap_start, .)

.eeprom         0x00810000        0x0
 *(.eeprom*)
                0x00810000                __eeprom_end = .

.fuse
 *(.fuse)
 *(.lfuse)
 *(.hfuse)
 *(.efuse)

.lock
 *(.lock*)

.signature
 *(.signature*)

.stab           0x00000000     0x12cc
 *(.stab)
 .stab          0x00000000      0x9c0 ./app.o
 .stab          0x000009c0      0x504 ./external_interrupt.o
                                0x768 (size before relaxing)
 .stab          0x00000ec4      0x408 ./timer.o
                                0x690 (size before relaxing)

.stabstr        0x00000000      0xe33
 *(.stabstr)
 .stabstr       0x00000000      0xe33 ./app.o

.stab.excl
 *(.stab.excl)

.stab.exclstr
 *(.stab.exclstr)

.stab.index
 *(.stab.index)

.stab.indexstr
 *(.stab.indexstr)

.comment
 *(.comment)

.debug
 *(.debug)

.line
 *(.line)

.debug_srcinfo
 *(.debug_srcinfo)

.debug_sfnames
 *(.debug_sfnames)

.debug_aranges
 *(.debug_aranges)

.debug_pubnames
 *(.debug_pubnames)

.debug_info
 *(.debug_info)
 *(.gnu.linkonce.wi.*)

.debug_abbrev
 *(.debug_abbrev)

.debug_line
 *(.debug_line)

.debug_frame
 *(.debug_frame)

.debug_str
 *(.debug_str)

.debug_loc
 *(.debug_loc)

.debug_macinfo
 *(.debug_macinfo)
OUTPUT(DigitalWatch.elf elf32-avr)
LOAD linker stubs
