Archive member included because of file (symbol)

c:/winavr-20100110/bin/../lib/gcc/avr/4.3.3/avr5\libgcc.a(_udivmodsi4.o)
                              ./UART.o (__udivmodsi4)
c:/winavr-20100110/bin/../lib/gcc/avr/4.3.3/avr5\libgcc.a(_exit.o)
                              c:/winavr-20100110/bin/../lib/gcc/avr/4.3.3/../../../../avr/lib/avr5/crtm16.o (exit)
c:/winavr-20100110/bin/../lib/gcc/avr/4.3.3/avr5\libgcc.a(_copy_data.o)
                              ./DIO.o (__do_copy_data)
c:/winavr-20100110/bin/../lib/gcc/avr/4.3.3/avr5\libgcc.a(_clear_bss.o)
                              ./DIO.o (__do_clear_bss)

Allocating common symbols
Common symbol       size              file

task_to_do          0x1               ./appl_control_ecu.o
rx_passwords        0x10              ./appl_control_ecu.o
cycles              0x2               ./DIO.o

Memory Configuration

Name             Origin             Length             Attributes
text             0x00000000         0x00020000         xr
data             0x00800060         0x0000ffa0         rw !x
eeprom           0x00810000         0x00010000         rw !x
fuse             0x00820000         0x00000400         rw !x
lock             0x00830000         0x00000400         rw !x
signature        0x00840000         0x00000400         rw !x
*default*        0x00000000         0xffffffff

Linker script and memory map

LOAD c:/winavr-20100110/bin/../lib/gcc/avr/4.3.3/../../../../avr/lib/avr5/crtm16.o
LOAD ./DIO.o
LOAD ./TWI.o
LOAD ./UART.o
LOAD ./appl_control_ecu.o
LOAD ./dc_motor.o
LOAD ./ext_eeprom.o
LOAD ./tim.o
LOAD c:/winavr-20100110/bin/../lib/gcc/avr/4.3.3/avr5\libgcc.a
LOAD c:/winavr-20100110/bin/../lib/gcc/avr/4.3.3/../../../../avr/lib/avr5\libc.a
LOAD c:/winavr-20100110/bin/../lib/gcc/avr/4.3.3/avr5\libgcc.a

.hash
 *(.hash)

.dynsym
 *(.dynsym)

.dynstr
 *(.dynstr)

.gnu.version
 *(.gnu.version)

.gnu.version_d
 *(.gnu.version_d)

.gnu.version_r
 *(.gnu.version_r)

.rel.init
 *(.rel.init)

.rela.init
 *(.rela.init)

.rel.text
 *(.rel.text)
 *(.rel.text.*)
 *(.rel.gnu.linkonce.t*)

.rela.text
 *(.rela.text)
 *(.rela.text.*)
 *(.rela.gnu.linkonce.t*)

.rel.fini
 *(.rel.fini)

.rela.fini
 *(.rela.fini)

.rel.rodata
 *(.rel.rodata)
 *(.rel.rodata.*)
 *(.rel.gnu.linkonce.r*)

.rela.rodata
 *(.rela.rodata)
 *(.rela.rodata.*)
 *(.rela.gnu.linkonce.r*)

.rel.data
 *(.rel.data)
 *(.rel.data.*)
 *(.rel.gnu.linkonce.d*)

.rela.data
 *(.rela.data)
 *(.rela.data.*)
 *(.rela.gnu.linkonce.d*)

.rel.ctors
 *(.rel.ctors)

.rela.ctors
 *(.rela.ctors)

.rel.dtors
 *(.rel.dtors)

.rela.dtors
 *(.rela.dtors)

.rel.got
 *(.rel.got)

.rela.got
 *(.rela.got)

.rel.bss
 *(.rel.bss)

.rela.bss
 *(.rela.bss)

.rel.plt
 *(.rel.plt)

.rela.plt
 *(.rela.plt)

.text           0x00000000     0x1164
 *(.vectors)
 .vectors       0x00000000       0x54 c:/winavr-20100110/bin/../lib/gcc/avr/4.3.3/../../../../avr/lib/avr5/crtm16.o
                0x00000000                __vectors
                0x00000000                __vector_default
 *(.vectors)
 *(.progmem.gcc*)
 *(.progmem*)
                0x00000054                . = ALIGN (0x2)
                0x00000054                __trampolines_start = .
 *(.trampolines)
 .trampolines   0x00000054        0x0 linker stubs
 *(.trampolines*)
                0x00000054                __trampolines_end = .
 *(.jumptables)
 *(.jumptables*)
 *(.lowtext)
 *(.lowtext*)
                0x00000054                __ctors_start = .
 *(.ctors)
                0x00000054                __ctors_end = .
                0x00000054                __dtors_start = .
 *(.dtors)
                0x00000054                __dtors_end = .
 SORT(*)(.ctors)
 SORT(*)(.dtors)
 *(.init0)
 .init0         0x00000054        0x0 c:/winavr-20100110/bin/../lib/gcc/avr/4.3.3/../../../../avr/lib/avr5/crtm16.o
                0x00000054                __init
 *(.init0)
 *(.init1)
 *(.init1)
 *(.init2)
 .init2         0x00000054        0xc c:/winavr-20100110/bin/../lib/gcc/avr/4.3.3/../../../../avr/lib/avr5/crtm16.o
 *(.init2)
 *(.init3)
 *(.init3)
 *(.init4)
 .init4         0x00000060       0x16 c:/winavr-20100110/bin/../lib/gcc/avr/4.3.3/avr5\libgcc.a(_copy_data.o)
                0x00000060                __do_copy_data
 .init4         0x00000076       0x10 c:/winavr-20100110/bin/../lib/gcc/avr/4.3.3/avr5\libgcc.a(_clear_bss.o)
                0x00000076                __do_clear_bss
 *(.init4)
 *(.init5)
 *(.init5)
 *(.init6)
 *(.init6)
 *(.init7)
 *(.init7)
 *(.init8)
 *(.init8)
 *(.init9)
 .init9         0x00000086        0x8 c:/winavr-20100110/bin/../lib/gcc/avr/4.3.3/../../../../avr/lib/avr5/crtm16.o
 *(.init9)
 *(.text)
 .text          0x0000008e        0x4 c:/winavr-20100110/bin/../lib/gcc/avr/4.3.3/../../../../avr/lib/avr5/crtm16.o
                0x0000008e                __vector_1
                0x0000008e                __vector_12
                0x0000008e                __bad_interrupt
                0x0000008e                __vector_3
                0x0000008e                __vector_11
                0x0000008e                __vector_13
                0x0000008e                __vector_17
                0x0000008e                __vector_7
                0x0000008e                __vector_5
                0x0000008e                __vector_4
                0x0000008e                __vector_9
                0x0000008e                __vector_2
                0x0000008e                __vector_15
                0x0000008e                __vector_8
                0x0000008e                __vector_14
                0x0000008e                __vector_10
                0x0000008e                __vector_16
                0x0000008e                __vector_18
                0x0000008e                __vector_20
 .text          0x00000092        0x0 ./DIO.o
 .text          0x00000092        0x0 ./TWI.o
 .text          0x00000092        0x0 ./UART.o
 .text          0x00000092        0x0 ./appl_control_ecu.o
 .text          0x00000092        0x0 ./dc_motor.o
 .text          0x00000092        0x0 ./ext_eeprom.o
 .text          0x00000092        0x0 ./tim.o
 .text          0x00000092        0x0 c:/winavr-20100110/bin/../lib/gcc/avr/4.3.3/avr5\libgcc.a(_udivmodsi4.o)
 .text          0x00000092        0x0 c:/winavr-20100110/bin/../lib/gcc/avr/4.3.3/avr5\libgcc.a(_exit.o)
 .text          0x00000092        0x0 c:/winavr-20100110/bin/../lib/gcc/avr/4.3.3/avr5\libgcc.a(_copy_data.o)
 .text          0x00000092        0x0 c:/winavr-20100110/bin/../lib/gcc/avr/4.3.3/avr5\libgcc.a(_clear_bss.o)
                0x00000092                . = ALIGN (0x2)
 *(.text.*)
 .text.__DIO_setPinDirection
                0x00000092       0xbe ./DIO.o
                0x00000092                __DIO_setPinDirection
 .text.__DIO_enableInternalPullupResistance
                0x00000150       0x60 ./DIO.o
                0x00000150                __DIO_enableInternalPullupResistance
 .text.__DIO_writeOutputPinValue
                0x000001b0       0xbe ./DIO.o
                0x000001b0                __DIO_writeOutputPinValue
 .text.__DIO_readInputPinValue
                0x0000026e       0x62 ./DIO.o
                0x0000026e                __DIO_readInputPinValue
 .text.__DIO_toggleOutputPinValue
                0x000002d0       0x60 ./DIO.o
                0x000002d0                __DIO_toggleOutputPinValue
 .text.__DIO_setPortDirection
                0x00000330       0x58 ./DIO.o
                0x00000330                __DIO_setPortDirection
 .text.__DIO_enablePortInternalPullupResistance
                0x00000388       0x2e ./DIO.o
                0x00000388                __DIO_enablePortInternalPullupResistance
 .text.__DIO_writeOutputPortValue
                0x000003b6       0x32 ./DIO.o
                0x000003b6                __DIO_writeOutputPortValue
 .text.__DIO_readInputPortValue
                0x000003e8       0x2c ./DIO.o
                0x000003e8                __DIO_readInputPortValue
 .text.__TWI_init
                0x00000414       0x58 ./TWI.o
                0x00000414                __TWI_init
 .text.__TWI_startFrame
                0x0000046c       0x2c ./TWI.o
                0x0000046c                __TWI_startFrame
 .text.__TWI_stopFrame
                0x00000498       0x16 ./TWI.o
                0x00000498                __TWI_stopFrame
 .text.__TWI_transmitByte
                0x000004ae       0x3a ./TWI.o
                0x000004ae                __TWI_transmitByte
 .text.__TWI_receiveByte_ACK
                0x000004e8       0x32 ./TWI.o
                0x000004e8                __TWI_receiveByte_ACK
 .text.__TWI_receiveByte_NACK
                0x0000051a       0x32 ./TWI.o
                0x0000051a                __TWI_receiveByte_NACK
 .text.__TWI_getStatus
                0x0000054c       0x1e ./TWI.o
                0x0000054c                __TWI_getStatus
 .text.__UART_init
                0x0000056a      0x184 ./UART.o
                0x0000056a                __UART_init
 .text.__UART_sendByte
                0x000006ee       0x42 ./UART.o
                0x000006ee                __UART_sendByte
 .text.__UART_sendString
                0x00000730       0x38 ./UART.o
                0x00000730                __UART_sendString
 .text.__UART_receiveByte
                0x00000768       0x50 ./UART.o
                0x00000768                __UART_receiveByte
 .text.__UART_receiveString
                0x000007b8       0x52 ./UART.o
                0x000007b8                __UART_receiveString
 .text.main     0x0000080a      0x162 ./appl_control_ecu.o
                0x0000080a                main
 .text.systemPasswordTasks
                0x0000096c      0x212 ./appl_control_ecu.o
                0x0000096c                systemPasswordTasks
 .text.TIMER1_ISR_function
                0x00000b7e       0x14 ./appl_control_ecu.o
                0x00000b7e                TIMER1_ISR_function
 .text._MOTORDC_init
                0x00000b92       0x36 ./dc_motor.o
                0x00000b92                _MOTORDC_init
 .text._MOTORDC_rotate
                0x00000bc8       0x80 ./dc_motor.o
                0x00000bc8                _MOTORDC_rotate
 .text._EXT_EEPROM_init
                0x00000c48       0x22 ./ext_eeprom.o
                0x00000c48                _EXT_EEPROM_init
 .text._EXT_EEPROM_writeByte
                0x00000c6a       0x82 ./ext_eeprom.o
                0x00000c6a                _EXT_EEPROM_writeByte
 .text._EXT_EEPROM_readByte
                0x00000cec       0xc0 ./ext_eeprom.o
                0x00000cec                _EXT_EEPROM_readByte
 .text.__vector_19
                0x00000dac       0x5a ./tim.o
                0x00000dac                __vector_19
 .text.__vector_6
                0x00000e06       0x5a ./tim.o
                0x00000e06                __vector_6
 .text.__TIMER_CTC_setISRCallBackFuncPointer
                0x00000e60       0x5c ./tim.o
                0x00000e60                __TIMER_CTC_setISRCallBackFuncPointer
 .text.__TIMER_CTC_startTimer
                0x00000ebc      0x1c0 ./tim.o
                0x00000ebc                __TIMER_CTC_startTimer
 .text.__TIMER_CTC_stopTimer
                0x0000107c       0xa0 ./tim.o
                0x0000107c                __TIMER_CTC_stopTimer
 .text.libgcc   0x0000111c       0x44 c:/winavr-20100110/bin/../lib/gcc/avr/4.3.3/avr5\libgcc.a(_udivmodsi4.o)
                0x0000111c                __udivmodsi4
 .text.libgcc   0x00001160        0x0 c:/winavr-20100110/bin/../lib/gcc/avr/4.3.3/avr5\libgcc.a(_exit.o)
 .text.libgcc   0x00001160        0x0 c:/winavr-20100110/bin/../lib/gcc/avr/4.3.3/avr5\libgcc.a(_copy_data.o)
 .text.libgcc   0x00001160        0x0 c:/winavr-20100110/bin/../lib/gcc/avr/4.3.3/avr5\libgcc.a(_clear_bss.o)
                0x00001160                . = ALIGN (0x2)
 *(.fini9)
 .fini9         0x00001160        0x0 c:/winavr-20100110/bin/../lib/gcc/avr/4.3.3/avr5\libgcc.a(_exit.o)
                0x00001160                exit
                0x00001160                _exit
 *(.fini9)
 *(.fini8)
 *(.fini8)
 *(.fini7)
 *(.fini7)
 *(.fini6)
 *(.fini6)
 *(.fini5)
 *(.fini5)
 *(.fini4)
 *(.fini4)
 *(.fini3)
 *(.fini3)
 *(.fini2)
 *(.fini2)
 *(.fini1)
 *(.fini1)
 *(.fini0)
 .fini0         0x00001160        0x4 c:/winavr-20100110/bin/../lib/gcc/avr/4.3.3/avr5\libgcc.a(_exit.o)
 *(.fini0)
                0x00001164                _etext = .

.data           0x00800060       0x26 load address 0x00001164
                0x00800060                PROVIDE (__data_start, .)
 *(.data)
 .data          0x00800060        0x0 c:/winavr-20100110/bin/../lib/gcc/avr/4.3.3/../../../../avr/lib/avr5/crtm16.o
 .data          0x00800060        0x0 ./DIO.o
 .data          0x00800060        0x0 ./TWI.o
 .data          0x00800060        0x0 ./UART.o
 .data          0x00800060        0x0 ./appl_control_ecu.o
 .data          0x00800060        0x0 ./dc_motor.o
 .data          0x00800060        0x0 ./ext_eeprom.o
 .data          0x00800060        0x0 ./tim.o
 .data          0x00800060        0x0 c:/winavr-20100110/bin/../lib/gcc/avr/4.3.3/avr5\libgcc.a(_udivmodsi4.o)
 .data          0x00800060        0x0 c:/winavr-20100110/bin/../lib/gcc/avr/4.3.3/avr5\libgcc.a(_exit.o)
 .data          0x00800060        0x0 c:/winavr-20100110/bin/../lib/gcc/avr/4.3.3/avr5\libgcc.a(_copy_data.o)
 .data          0x00800060        0x0 c:/winavr-20100110/bin/../lib/gcc/avr/4.3.3/avr5\libgcc.a(_clear_bss.o)
 *(.data*)
 .data.eeprom_twi_config.1220
                0x00800060        0x4 ./ext_eeprom.o
 *(.rodata)
 *(.rodata*)
 .rodata.ddr_regs
                0x00800064        0x8 ./DIO.o
                0x00800064                ddr_regs
 .rodata.pin_regs
                0x0080006c        0x8 ./DIO.o
                0x0080006c                pin_regs
 .rodata.port_regs
                0x00800074        0x8 ./DIO.o
                0x00800074                port_regs
 .rodata.C.1.1289
                0x0080007c        0x5 ./appl_control_ecu.o
 .rodata.C.0.1288
                0x00800081        0x5 ./appl_control_ecu.o
 *(.gnu.linkonce.d*)
                0x00800086                . = ALIGN (0x2)
                0x00800086                _edata = .
                0x00800086                PROVIDE (__data_end, .)

.bss            0x00800086       0x18
                0x00800086                PROVIDE (__bss_start, .)
 *(.bss)
 .bss           0x00800086        0x0 c:/winavr-20100110/bin/../lib/gcc/avr/4.3.3/../../../../avr/lib/avr5/crtm16.o
 .bss           0x00800086        0x0 ./DIO.o
 .bss           0x00800086        0x0 ./TWI.o
 .bss           0x00800086        0x0 ./UART.o
 .bss           0x00800086        0x0 ./appl_control_ecu.o
 .bss           0x00800086        0x0 ./dc_motor.o
 .bss           0x00800086        0x0 ./ext_eeprom.o
 .bss           0x00800086        0x0 ./tim.o
 .bss           0x00800086        0x0 c:/winavr-20100110/bin/../lib/gcc/avr/4.3.3/avr5\libgcc.a(_udivmodsi4.o)
 .bss           0x00800086        0x0 c:/winavr-20100110/bin/../lib/gcc/avr/4.3.3/avr5\libgcc.a(_exit.o)
 .bss           0x00800086        0x0 c:/winavr-20100110/bin/../lib/gcc/avr/4.3.3/avr5\libgcc.a(_copy_data.o)
 .bss           0x00800086        0x0 c:/winavr-20100110/bin/../lib/gcc/avr/4.3.3/avr5\libgcc.a(_clear_bss.o)
 *(.bss*)
 .bss.user_authenticated_flag
                0x00800086        0x1 ./appl_control_ecu.o
                0x00800086                user_authenticated_flag
 .bss.g_TIMER0_callBack_ptr
                0x00800087        0x2 ./tim.o
 .bss.g_TIMER1_callBack_ptr
                0x00800089        0x2 ./tim.o
 *(COMMON)
 COMMON         0x0080008b        0x2 ./DIO.o
                0x0080008b                cycles
 COMMON         0x0080008d       0x11 ./appl_control_ecu.o
                0x0080008d                task_to_do
                0x0080008e                rx_passwords
                0x0080009e                PROVIDE (__bss_end, .)
                0x00001164                __data_load_start = LOADADDR (.data)
                0x0000118a                __data_load_end = (__data_load_start + SIZEOF (.data))

.noinit         0x0080009e        0x0
                0x0080009e                PROVIDE (__noinit_start, .)
 *(.noinit*)
                0x0080009e                PROVIDE (__noinit_end, .)
                0x0080009e                _end = .
                0x0080009e                PROVIDE (__heap_start, .)

.eeprom         0x00810000        0x0
 *(.eeprom*)
                0x00810000                __eeprom_end = .

.fuse
 *(.fuse)
 *(.lfuse)
 *(.hfuse)
 *(.efuse)

.lock
 *(.lock*)

.signature
 *(.signature*)

.stab           0x00000000     0x1b48
 *(.stab)
 .stab          0x00000000      0x4bc ./DIO.o
 .stab          0x000004bc      0x324 ./TWI.o
                                0x3c0 (size before relaxing)
 .stab          0x000007e0      0x36c ./UART.o
                                0x408 (size before relaxing)
 .stab          0x00000b4c      0x4c8 ./appl_control_ecu.o
                                0x588 (size before relaxing)
 .stab          0x00001014      0x1d4 ./dc_motor.o
                                0x27c (size before relaxing)
 .stab          0x000011e8      0x39c ./ext_eeprom.o
                                0x450 (size before relaxing)
 .stab          0x00001584      0x5c4 ./tim.o
                                0x690 (size before relaxing)

.stabstr        0x00000000     0x10ec
 *(.stabstr)
 .stabstr       0x00000000     0x10ec ./DIO.o

.stab.excl
 *(.stab.excl)

.stab.exclstr
 *(.stab.exclstr)

.stab.index
 *(.stab.index)

.stab.indexstr
 *(.stab.indexstr)

.comment
 *(.comment)

.debug
 *(.debug)

.line
 *(.line)

.debug_srcinfo
 *(.debug_srcinfo)

.debug_sfnames
 *(.debug_sfnames)

.debug_aranges
 *(.debug_aranges)

.debug_pubnames
 *(.debug_pubnames)

.debug_info
 *(.debug_info)
 *(.gnu.linkonce.wi.*)

.debug_abbrev
 *(.debug_abbrev)

.debug_line
 *(.debug_line)

.debug_frame
 *(.debug_frame)

.debug_str
 *(.debug_str)

.debug_loc
 *(.debug_loc)

.debug_macinfo
 *(.debug_macinfo)
OUTPUT(control_ecu.elf elf32-avr)
LOAD linker stubs
