Archive member included because of file (symbol)

c:/winavr-20100110/bin/../lib/gcc/avr/4.3.3/avr5\libgcc.a(_udivmodsi4.o)
                              ./UART.o (__udivmodsi4)
c:/winavr-20100110/bin/../lib/gcc/avr/4.3.3/avr5\libgcc.a(_exit.o)
                              c:/winavr-20100110/bin/../lib/gcc/avr/4.3.3/../../../../avr/lib/avr5/crtm16.o (exit)
c:/winavr-20100110/bin/../lib/gcc/avr/4.3.3/avr5\libgcc.a(_copy_data.o)
                              ./DIO.o (__do_copy_data)
c:/winavr-20100110/bin/../lib/gcc/avr/4.3.3/avr5\libgcc.a(_clear_bss.o)
                              ./DIO.o (__do_clear_bss)

Allocating common symbols
Common symbol       size              file

executeISR          0x1               ./cont_ecu_appl.o
cycles              0x2               ./DIO.o
rx_password         0xd               ./cont_ecu_appl.o

Memory Configuration

Name             Origin             Length             Attributes
text             0x00000000         0x00020000         xr
data             0x00800060         0x0000ffa0         rw !x
eeprom           0x00810000         0x00010000         rw !x
fuse             0x00820000         0x00000400         rw !x
lock             0x00830000         0x00000400         rw !x
signature        0x00840000         0x00000400         rw !x
*default*        0x00000000         0xffffffff

Linker script and memory map

LOAD c:/winavr-20100110/bin/../lib/gcc/avr/4.3.3/../../../../avr/lib/avr5/crtm16.o
LOAD ./DIO.o
LOAD ./TWI.o
LOAD ./UART.o
LOAD ./alarm.o
LOAD ./cont_ecu_appl.o
LOAD ./dc_motor.o
LOAD ./ext_eeprom.o
LOAD ./timer.o
LOAD c:/winavr-20100110/bin/../lib/gcc/avr/4.3.3/avr5\libgcc.a
LOAD c:/winavr-20100110/bin/../lib/gcc/avr/4.3.3/../../../../avr/lib/avr5\libc.a
LOAD c:/winavr-20100110/bin/../lib/gcc/avr/4.3.3/avr5\libgcc.a

.hash
 *(.hash)

.dynsym
 *(.dynsym)

.dynstr
 *(.dynstr)

.gnu.version
 *(.gnu.version)

.gnu.version_d
 *(.gnu.version_d)

.gnu.version_r
 *(.gnu.version_r)

.rel.init
 *(.rel.init)

.rela.init
 *(.rela.init)

.rel.text
 *(.rel.text)
 *(.rel.text.*)
 *(.rel.gnu.linkonce.t*)

.rela.text
 *(.rela.text)
 *(.rela.text.*)
 *(.rela.gnu.linkonce.t*)

.rel.fini
 *(.rel.fini)

.rela.fini
 *(.rela.fini)

.rel.rodata
 *(.rel.rodata)
 *(.rel.rodata.*)
 *(.rel.gnu.linkonce.r*)

.rela.rodata
 *(.rela.rodata)
 *(.rela.rodata.*)
 *(.rela.gnu.linkonce.r*)

.rel.data
 *(.rel.data)
 *(.rel.data.*)
 *(.rel.gnu.linkonce.d*)

.rela.data
 *(.rela.data)
 *(.rela.data.*)
 *(.rela.gnu.linkonce.d*)

.rel.ctors
 *(.rel.ctors)

.rela.ctors
 *(.rela.ctors)

.rel.dtors
 *(.rel.dtors)

.rela.dtors
 *(.rela.dtors)

.rel.got
 *(.rel.got)

.rela.got
 *(.rela.got)

.rel.bss
 *(.rel.bss)

.rela.bss
 *(.rela.bss)

.rel.plt
 *(.rel.plt)

.rela.plt
 *(.rela.plt)

.text           0x00000000     0x1df4
 *(.vectors)
 .vectors       0x00000000       0x54 c:/winavr-20100110/bin/../lib/gcc/avr/4.3.3/../../../../avr/lib/avr5/crtm16.o
                0x00000000                __vectors
                0x00000000                __vector_default
 *(.vectors)
 *(.progmem.gcc*)
 *(.progmem*)
                0x00000054                . = ALIGN (0x2)
                0x00000054                __trampolines_start = .
 *(.trampolines)
 .trampolines   0x00000054        0x0 linker stubs
 *(.trampolines*)
                0x00000054                __trampolines_end = .
 *(.jumptables)
 *(.jumptables*)
 *(.lowtext)
 *(.lowtext*)
                0x00000054                __ctors_start = .
 *(.ctors)
                0x00000054                __ctors_end = .
                0x00000054                __dtors_start = .
 *(.dtors)
                0x00000054                __dtors_end = .
 SORT(*)(.ctors)
 SORT(*)(.dtors)
 *(.init0)
 .init0         0x00000054        0x0 c:/winavr-20100110/bin/../lib/gcc/avr/4.3.3/../../../../avr/lib/avr5/crtm16.o
                0x00000054                __init
 *(.init0)
 *(.init1)
 *(.init1)
 *(.init2)
 .init2         0x00000054        0xc c:/winavr-20100110/bin/../lib/gcc/avr/4.3.3/../../../../avr/lib/avr5/crtm16.o
 *(.init2)
 *(.init3)
 *(.init3)
 *(.init4)
 .init4         0x00000060       0x16 c:/winavr-20100110/bin/../lib/gcc/avr/4.3.3/avr5\libgcc.a(_copy_data.o)
                0x00000060                __do_copy_data
 .init4         0x00000076       0x10 c:/winavr-20100110/bin/../lib/gcc/avr/4.3.3/avr5\libgcc.a(_clear_bss.o)
                0x00000076                __do_clear_bss
 *(.init4)
 *(.init5)
 *(.init5)
 *(.init6)
 *(.init6)
 *(.init7)
 *(.init7)
 *(.init8)
 *(.init8)
 *(.init9)
 .init9         0x00000086        0x8 c:/winavr-20100110/bin/../lib/gcc/avr/4.3.3/../../../../avr/lib/avr5/crtm16.o
 *(.init9)
 *(.text)
 .text          0x0000008e        0x4 c:/winavr-20100110/bin/../lib/gcc/avr/4.3.3/../../../../avr/lib/avr5/crtm16.o
                0x0000008e                __vector_1
                0x0000008e                __vector_12
                0x0000008e                __bad_interrupt
                0x0000008e                __vector_3
                0x0000008e                __vector_11
                0x0000008e                __vector_13
                0x0000008e                __vector_17
                0x0000008e                __vector_7
                0x0000008e                __vector_5
                0x0000008e                __vector_4
                0x0000008e                __vector_9
                0x0000008e                __vector_2
                0x0000008e                __vector_15
                0x0000008e                __vector_8
                0x0000008e                __vector_14
                0x0000008e                __vector_10
                0x0000008e                __vector_16
                0x0000008e                __vector_18
                0x0000008e                __vector_20
 .text          0x00000092        0x0 ./DIO.o
 .text          0x00000092        0x0 ./TWI.o
 .text          0x00000092        0x0 ./UART.o
 .text          0x00000092        0x0 ./alarm.o
 .text          0x00000092        0x0 ./cont_ecu_appl.o
 .text          0x00000092        0x0 ./dc_motor.o
 .text          0x00000092        0x0 ./ext_eeprom.o
 .text          0x00000092        0x0 ./timer.o
 .text          0x00000092        0x0 c:/winavr-20100110/bin/../lib/gcc/avr/4.3.3/avr5\libgcc.a(_udivmodsi4.o)
 .text          0x00000092        0x0 c:/winavr-20100110/bin/../lib/gcc/avr/4.3.3/avr5\libgcc.a(_exit.o)
 .text          0x00000092        0x0 c:/winavr-20100110/bin/../lib/gcc/avr/4.3.3/avr5\libgcc.a(_copy_data.o)
 .text          0x00000092        0x0 c:/winavr-20100110/bin/../lib/gcc/avr/4.3.3/avr5\libgcc.a(_clear_bss.o)
                0x00000092                . = ALIGN (0x2)
 *(.text.*)
 .text.__DIO_setPinDirection
                0x00000092       0xbe ./DIO.o
                0x00000092                __DIO_setPinDirection
 .text.__DIO_enableInternalPullupResistance
                0x00000150       0x60 ./DIO.o
                0x00000150                __DIO_enableInternalPullupResistance
 .text.__DIO_writeOutputPinValue
                0x000001b0       0xbe ./DIO.o
                0x000001b0                __DIO_writeOutputPinValue
 .text.__DIO_readInputPinValue
                0x0000026e       0x62 ./DIO.o
                0x0000026e                __DIO_readInputPinValue
 .text.__DIO_toggleOutputPinValue
                0x000002d0       0x60 ./DIO.o
                0x000002d0                __DIO_toggleOutputPinValue
 .text.__DIO_setPortDirection
                0x00000330       0x58 ./DIO.o
                0x00000330                __DIO_setPortDirection
 .text.__DIO_enablePortInternalPullupResistance
                0x00000388       0x2e ./DIO.o
                0x00000388                __DIO_enablePortInternalPullupResistance
 .text.__DIO_writeOutputPortValue
                0x000003b6       0x32 ./DIO.o
                0x000003b6                __DIO_writeOutputPortValue
 .text.__DIO_readInputPortValue
                0x000003e8       0x2c ./DIO.o
                0x000003e8                __DIO_readInputPortValue
 .text.__TWI_init
                0x00000414       0x58 ./TWI.o
                0x00000414                __TWI_init
 .text.__TWI_startFrame
                0x0000046c       0x2c ./TWI.o
                0x0000046c                __TWI_startFrame
 .text.__TWI_stopFrame
                0x00000498       0x16 ./TWI.o
                0x00000498                __TWI_stopFrame
 .text.__TWI_transmitByte
                0x000004ae       0x3a ./TWI.o
                0x000004ae                __TWI_transmitByte
 .text.__TWI_receiveByte_ACK
                0x000004e8       0x32 ./TWI.o
                0x000004e8                __TWI_receiveByte_ACK
 .text.__TWI_receiveByte_NACK
                0x0000051a       0x32 ./TWI.o
                0x0000051a                __TWI_receiveByte_NACK
 .text.__TWI_getStatus
                0x0000054c       0x1e ./TWI.o
                0x0000054c                __TWI_getStatus
 .text.__UART_init
                0x0000056a      0x184 ./UART.o
                0x0000056a                __UART_init
 .text.__UART_sendByte
                0x000006ee       0x42 ./UART.o
                0x000006ee                __UART_sendByte
 .text.__UART_sendString
                0x00000730       0x38 ./UART.o
                0x00000730                __UART_sendString
 .text.__UART_receiveByte
                0x00000768       0x50 ./UART.o
                0x00000768                __UART_receiveByte
 .text.__UART_receiveString
                0x000007b8       0x52 ./UART.o
                0x000007b8                __UART_receiveString
 .text._ALARM_init
                0x0000080a       0x22 ./alarm.o
                0x0000080a                _ALARM_init
 .text._ALARM_state
                0x0000082c       0x4e ./alarm.o
                0x0000082c                _ALARM_state
 .text.main     0x0000087a      0x160 ./cont_ecu_appl.o
                0x0000087a                main
 .text.DLS_hardwarePeripheralInit
                0x000009da       0xb0 ./cont_ecu_appl.o
                0x000009da                DLS_hardwarePeripheralInit
 .text.DLS_setupNewPassword
                0x00000a8a      0x39a ./cont_ecu_appl.o
                0x00000a8a                DLS_setupNewPassword
 .text.DLS_checkLoginCredentials
                0x00000e24      0x3be ./cont_ecu_appl.o
                0x00000e24                DLS_checkLoginCredentials
 .text.DLS_changeOldPassword
                0x000011e2      0x5c0 ./cont_ecu_appl.o
                0x000011e2                DLS_changeOldPassword
 .text.DLS_TIMER1_ISR_callBackFunction
                0x000017a2       0x6c ./cont_ecu_appl.o
                0x000017a2                DLS_TIMER1_ISR_callBackFunction
 .text._MOTORDC_init
                0x0000180e       0x36 ./dc_motor.o
                0x0000180e                _MOTORDC_init
 .text._MOTORDC_rotate
                0x00001844       0x80 ./dc_motor.o
                0x00001844                _MOTORDC_rotate
 .text._EXT_EEPROM_init
                0x000018c4       0x36 ./ext_eeprom.o
                0x000018c4                _EXT_EEPROM_init
 .text._EXT_EEPROM_writeByte
                0x000018fa       0x82 ./ext_eeprom.o
                0x000018fa                _EXT_EEPROM_writeByte
 .text._EXT_EEPROM_readByte
                0x0000197c       0xc0 ./ext_eeprom.o
                0x0000197c                _EXT_EEPROM_readByte
 .text.__vector_19
                0x00001a3c       0x5a ./timer.o
                0x00001a3c                __vector_19
 .text.__vector_6
                0x00001a96       0x5a ./timer.o
                0x00001a96                __vector_6
 .text.__TIMER_CTC_setISRCallBackFuncPointer
                0x00001af0       0x5c ./timer.o
                0x00001af0                __TIMER_CTC_setISRCallBackFuncPointer
 .text.__TIMER_CTC_startTimer
                0x00001b4c      0x1c0 ./timer.o
                0x00001b4c                __TIMER_CTC_startTimer
 .text.__TIMER_CTC_stopTimer
                0x00001d0c       0xa0 ./timer.o
                0x00001d0c                __TIMER_CTC_stopTimer
 .text.libgcc   0x00001dac       0x44 c:/winavr-20100110/bin/../lib/gcc/avr/4.3.3/avr5\libgcc.a(_udivmodsi4.o)
                0x00001dac                __udivmodsi4
 .text.libgcc   0x00001df0        0x0 c:/winavr-20100110/bin/../lib/gcc/avr/4.3.3/avr5\libgcc.a(_exit.o)
 .text.libgcc   0x00001df0        0x0 c:/winavr-20100110/bin/../lib/gcc/avr/4.3.3/avr5\libgcc.a(_copy_data.o)
 .text.libgcc   0x00001df0        0x0 c:/winavr-20100110/bin/../lib/gcc/avr/4.3.3/avr5\libgcc.a(_clear_bss.o)
                0x00001df0                . = ALIGN (0x2)
 *(.fini9)
 .fini9         0x00001df0        0x0 c:/winavr-20100110/bin/../lib/gcc/avr/4.3.3/avr5\libgcc.a(_exit.o)
                0x00001df0                exit
                0x00001df0                _exit
 *(.fini9)
 *(.fini8)
 *(.fini8)
 *(.fini7)
 *(.fini7)
 *(.fini6)
 *(.fini6)
 *(.fini5)
 *(.fini5)
 *(.fini4)
 *(.fini4)
 *(.fini3)
 *(.fini3)
 *(.fini2)
 *(.fini2)
 *(.fini1)
 *(.fini1)
 *(.fini0)
 .fini0         0x00001df0        0x4 c:/winavr-20100110/bin/../lib/gcc/avr/4.3.3/avr5\libgcc.a(_exit.o)
 *(.fini0)
                0x00001df4                _etext = .

.data           0x00800060       0x22 load address 0x00001df4
                0x00800060                PROVIDE (__data_start, .)
 *(.data)
 .data          0x00800060        0x0 c:/winavr-20100110/bin/../lib/gcc/avr/4.3.3/../../../../avr/lib/avr5/crtm16.o
 .data          0x00800060        0x0 ./DIO.o
 .data          0x00800060        0x0 ./TWI.o
 .data          0x00800060        0x0 ./UART.o
 .data          0x00800060        0x0 ./alarm.o
 .data          0x00800060        0x0 ./cont_ecu_appl.o
 .data          0x00800060        0x0 ./dc_motor.o
 .data          0x00800060        0x0 ./ext_eeprom.o
 .data          0x00800060        0x0 ./timer.o
 .data          0x00800060        0x0 c:/winavr-20100110/bin/../lib/gcc/avr/4.3.3/avr5\libgcc.a(_udivmodsi4.o)
 .data          0x00800060        0x0 c:/winavr-20100110/bin/../lib/gcc/avr/4.3.3/avr5\libgcc.a(_exit.o)
 .data          0x00800060        0x0 c:/winavr-20100110/bin/../lib/gcc/avr/4.3.3/avr5\libgcc.a(_copy_data.o)
 .data          0x00800060        0x0 c:/winavr-20100110/bin/../lib/gcc/avr/4.3.3/avr5\libgcc.a(_clear_bss.o)
 *(.data*)
 .data.timer1_configs
                0x00800060        0x5 ./cont_ecu_appl.o
                0x00800060                timer1_configs
 *(.rodata)
 *(.rodata*)
 .rodata.ddr_regs
                0x00800065        0x8 ./DIO.o
                0x00800065                ddr_regs
 .rodata.pin_regs
                0x0080006d        0x8 ./DIO.o
                0x0080006d                pin_regs
 .rodata.port_regs
                0x00800075        0x8 ./DIO.o
                0x00800075                port_regs
 .rodata.C.6.1334
                0x0080007d        0x5 ./cont_ecu_appl.o
 *(.gnu.linkonce.d*)
                0x00800082                . = ALIGN (0x2)
                0x00800082                _edata = .
                0x00800082                PROVIDE (__data_end, .)

.bss            0x00800082       0x17
                0x00800082                PROVIDE (__bss_start, .)
 *(.bss)
 .bss           0x00800082        0x0 c:/winavr-20100110/bin/../lib/gcc/avr/4.3.3/../../../../avr/lib/avr5/crtm16.o
 .bss           0x00800082        0x0 ./DIO.o
 .bss           0x00800082        0x0 ./TWI.o
 .bss           0x00800082        0x0 ./UART.o
 .bss           0x00800082        0x0 ./alarm.o
 .bss           0x00800082        0x0 ./cont_ecu_appl.o
 .bss           0x00800082        0x0 ./dc_motor.o
 .bss           0x00800082        0x0 ./ext_eeprom.o
 .bss           0x00800082        0x0 ./timer.o
 .bss           0x00800082        0x0 c:/winavr-20100110/bin/../lib/gcc/avr/4.3.3/avr5\libgcc.a(_udivmodsi4.o)
 .bss           0x00800082        0x0 c:/winavr-20100110/bin/../lib/gcc/avr/4.3.3/avr5\libgcc.a(_exit.o)
 .bss           0x00800082        0x0 c:/winavr-20100110/bin/../lib/gcc/avr/4.3.3/avr5\libgcc.a(_copy_data.o)
 .bss           0x00800082        0x0 c:/winavr-20100110/bin/../lib/gcc/avr/4.3.3/avr5\libgcc.a(_clear_bss.o)
 *(.bss*)
 .bss.wrongTrialsAlarm_counter
                0x00800082        0x1 ./cont_ecu_appl.o
                0x00800082                wrongTrialsAlarm_counter
 .bss.code_blocking_flag
                0x00800083        0x1 ./cont_ecu_appl.o
                0x00800083                code_blocking_flag
 .bss.alarm_counter.1792
                0x00800084        0x1 ./cont_ecu_appl.o
 .bss.g_TIMER0_callBack_ptr
                0x00800085        0x2 ./timer.o
 .bss.g_TIMER1_callBack_ptr
                0x00800087        0x2 ./timer.o
 *(COMMON)
 COMMON         0x00800089        0x2 ./DIO.o
                0x00800089                cycles
 COMMON         0x0080008b        0xe ./cont_ecu_appl.o
                0x0080008b                executeISR
                0x0080008c                rx_password
                0x00800099                PROVIDE (__bss_end, .)
                0x00001df4                __data_load_start = LOADADDR (.data)
                0x00001e16                __data_load_end = (__data_load_start + SIZEOF (.data))

.noinit         0x00800099        0x0
                0x00800099                PROVIDE (__noinit_start, .)
 *(.noinit*)
                0x00800099                PROVIDE (__noinit_end, .)
                0x00800099                _end = .
                0x00800099                PROVIDE (__heap_start, .)

.eeprom         0x00810000        0x0
 *(.eeprom*)
                0x00810000                __eeprom_end = .

.fuse
 *(.fuse)
 *(.lfuse)
 *(.hfuse)
 *(.efuse)

.lock
 *(.lock*)

.signature
 *(.signature*)

.stab           0x00000000     0x2154
 *(.stab)
 .stab          0x00000000      0x4bc ./DIO.o
 .stab          0x000004bc      0x324 ./TWI.o
                                0x3c0 (size before relaxing)
 .stab          0x000007e0      0x36c ./UART.o
                                0x408 (size before relaxing)
 .stab          0x00000b4c      0x1a4 ./alarm.o
                                0x24c (size before relaxing)
 .stab          0x00000cf0      0x918 ./cont_ecu_appl.o
                                0x9d8 (size before relaxing)
 .stab          0x00001608      0x1ec ./dc_motor.o
                                0x294 (size before relaxing)
 .stab          0x000017f4      0x39c ./ext_eeprom.o
                                0x450 (size before relaxing)
 .stab          0x00001b90      0x5c4 ./timer.o
                                0x690 (size before relaxing)

.stabstr        0x00000000     0x1201
 *(.stabstr)
 .stabstr       0x00000000     0x1201 ./DIO.o

.stab.excl
 *(.stab.excl)

.stab.exclstr
 *(.stab.exclstr)

.stab.index
 *(.stab.index)

.stab.indexstr
 *(.stab.indexstr)

.comment
 *(.comment)

.debug
 *(.debug)

.line
 *(.line)

.debug_srcinfo
 *(.debug_srcinfo)

.debug_sfnames
 *(.debug_sfnames)

.debug_aranges
 *(.debug_aranges)

.debug_pubnames
 *(.debug_pubnames)

.debug_info
 *(.debug_info)
 *(.gnu.linkonce.wi.*)

.debug_abbrev
 *(.debug_abbrev)

.debug_line
 *(.debug_line)

.debug_frame
 *(.debug_frame)

.debug_str
 *(.debug_str)

.debug_loc
 *(.debug_loc)

.debug_macinfo
 *(.debug_macinfo)
OUTPUT(CONTROL_ECU_PROJECT.elf elf32-avr)
LOAD linker stubs
